ASxxxx Linker V03.00/V05.40 + sdld,  page 1.
Hexadecimal  [32-Bits]

Area                                    Addr        Size        Decimal Bytes (Attributes)
--------------------------------        ----        ----        ------- ----- ------------
.  .ABS.                            00000000    00000000 =           0. bytes (ABS,CON)

      Value  Global                              Global Defined In Module
      -----  --------------------------------   ------------------------
     00000000  .__.ABS.                           
     00000000  _rRAMG                             
     00000000  l__BASE                         
     00000000  l__BSS                          
     00000000  l__CABS                         
     00000000  l__CODE_0                       
     00000000  l__CRASH_HEADER                 
     00000000  l__CRASH_SCRATCH                
     00000000  l__DABS                         
     00000000  l__HEADER                       
     00000000  l__HEADER_LCD                   
     00000000  l__HEADER_SIO                   
     00000000  l__HEADER_TIMER                 
     00000000  l__HEAP                         
     00000000  l__HEAP_END                     
     00000000  l__HRAM                         
     00000000  l__LIT                          
     00000000  s__CABS                         
     00000000  s__CRASH_HEADER                 
     00000000  s__CRASH_HEADER0                
     00000000  s__CRASH_HEADER1                
     00000000  s__CRASH_SCRATCH                
     00000000  s__CRASH_SCRATCH2               
     00000000  s__DABS                         
     00000000  s__HEADER                       
     00000000  s__HEADER0                      
     00000000  s__HEADER1                      
     00000000  s__HEADER10                     
     00000000  s__HEADER11                     
     00000000  s__HEADER2                      
     00000000  s__HEADER3                      
     00000000  s__HEADER4                      
     00000000  s__HEADER5                      
     00000000  s__HEADER6                      
     00000000  s__HEADER7                      
     00000000  s__HEADER8                      
     00000000  s__HEADER9                      
     00000000  s__HEADER_LCD                   
     00000000  s__HEADER_LCD0                  
     00000000  s__HEADER_SIO                   
     00000000  s__HEADER_SIO0                  
     00000000  s__HEADER_TIMER                 
     00000000  s__HEADER_TIMER0                
     00000000  s__HEADERa                      
     00000000  s__HEADERb                      
     00000000  s__HEADERc                      
     00000000  s__HEADERd                      
     00000000  s__HEADERe                      
     00000000  s__HEADERf                      
     00000000  s__HRAM                         
ASxxxx Linker V03.00/V05.40 + sdld,  page 2.
Hexadecimal  [32-Bits]

Area                                    Addr        Size        Decimal Bytes (Attributes)
--------------------------------        ----        ----        ------- ----- ------------
.  .ABS.                            00000000    00000000 =           0. bytes (ABS,CON)

      Value  Global                              Global Defined In Module
      -----  --------------------------------   ------------------------
     00000000  s__HRAM12                       
     00000001  ___bank_ACTOR                      actor
     00000001  ___bank_VM_SGB                     vm_sgb
     00000001  b_activate_actor                   actor
     00000001  b_activate_actors_in_col           actor
     00000001  b_activate_actors_in_row           actor
     00000001  b_actor_at_tile                    actor
     00000001  b_actor_get_frame_offset           actor
     00000001  b_actor_in_front_of_player         actor
     00000001  b_actor_overlapping_bb             actor
     00000001  b_actor_overlapping_player         actor
     00000001  b_actor_set_anim_idle              actor
     00000001  b_actor_set_anim_moving            actor
     00000001  b_actor_set_dir                    actor
     00000001  b_actor_set_frame_offset           actor
     00000001  b_actor_set_frames                 actor
     00000001  b_actors_handle_player_collision   actor
     00000001  b_actors_init                      actor
     00000001  b_check_collision_in_direction     actor
     00000001  b_deactivate_actor                 actor
     00000001  b_platform_init                    platform
     00000001  b_platform_update                  platform
     00000001  b_player_init                      actor
     00000001  b_scroll_init                      scroll
     00000001  b_scroll_repaint                   scroll
     00000001  b_scroll_reset                     scroll
     00000001  b_scroll_update                    scroll
     00000001  b_ui_draw_frame                    ui
     00000001  b_ui_draw_text_buffer_char         ui
     00000001  b_ui_init                          ui
     00000001  b_ui_load_tiles                    ui
     00000001  b_ui_run_menu                      ui
     00000001  b_ui_run_modal                     ui
     00000001  b_ui_set_start_tile                ui
     00000001  l__GSFINAL                      
     00000001  l__HEADER0                      
     00000001  l__HEADER5                      
     00000001  l__HEADERa                      
     00000001  l__HEADERb                      
     00000001  l__HEADERc                      
     00000001  l__HEADERe                      
     00000001  l__HEADERf                      
     00000002  ___bank_VM_ACTOR                   vm_actor
     00000002  ___bank_VM_MAIN                    vm
     00000002  ___bank_bg_chrisbedroom_tilemap_   bg_chrisbedroom_tilemap_attr
     00000002  ___bank_bg_chrislevel1_tileset     bg_chrislevel1_tileset
     00000002  ___bank_font_gbs_variable_width    font_gbs_variable_width
     00000002  ___bank_scene_logo_sprites         scene_logo_sprites
     00000002  b_script_detach_hthread            vm
     00000002  b_script_execute                   vm
     00000002  b_script_runner_init               vm
ASxxxx Linker V03.00/V05.40 + sdld,  page 3.
Hexadecimal  [32-Bits]

Area                                    Addr        Size        Decimal Bytes (Attributes)
--------------------------------        ----        ----        ------- ----- ------------
.  .ABS.                            00000000    00000000 =           0. bytes (ABS,CON)

      Value  Global                              Global Defined In Module
      -----  --------------------------------   ------------------------
     00000002  b_script_terminate                 vm
     00000002  b_vm_actor_activate                vm_actor
     00000002  b_vm_actor_begin_update            vm_actor
     00000002  b_vm_actor_deactivate              vm_actor
     00000002  b_vm_actor_emote                   vm_actor
     00000002  b_vm_actor_get_angle               vm_actor
     00000002  b_vm_actor_get_anim_frame          vm_actor
     00000002  b_vm_actor_get_dir                 vm_actor
     00000002  b_vm_actor_get_pos                 vm_actor
     00000002  b_vm_actor_move_cancel             vm_actor
     00000002  b_vm_actor_move_to                 vm_actor
     00000002  b_vm_actor_replace_tile            vm_actor
     00000002  b_vm_actor_set_anim                vm_actor
     00000002  b_vm_actor_set_anim_frame          vm_actor
     00000002  b_vm_actor_set_anim_set            vm_actor
     00000002  b_vm_actor_set_anim_tick           vm_actor
     00000002  b_vm_actor_set_bounds              vm_actor
     00000002  b_vm_actor_set_dir                 vm_actor
     00000002  b_vm_actor_set_flags               vm_actor
     00000002  b_vm_actor_set_move_speed          vm_actor
     00000002  b_vm_actor_set_pos                 vm_actor
     00000002  b_vm_actor_set_spritesheet         vm_actor
     00000002  b_vm_actor_set_spritesheet_by_re   vm_actor
     00000002  b_vm_actor_terminate_update        vm_actor
     00000002  b_vm_call                          vm
     00000002  b_vm_call_far                      vm
     00000002  b_vm_get_indirect                  vm
     00000002  b_vm_get_int16                     vm
     00000002  b_vm_get_int8                      vm
     00000002  b_vm_get_tlocal                    vm
     00000002  b_vm_get_uint8                     vm
     00000002  b_vm_idle                          vm
     00000002  b_vm_if                            vm
     00000002  b_vm_if_const                      vm
     00000002  b_vm_init_rng                      vm
     00000002  b_vm_invoke                        vm
     00000002  b_vm_join                          vm
     00000002  b_vm_jump                          vm
     00000002  b_vm_lock                          vm
     00000002  b_vm_loop                          vm
     00000002  b_vm_memcpy                        vm
     00000002  b_vm_memset                        vm
     00000002  b_vm_poll_loaded                   vm
     00000002  b_vm_pop                           vm
     00000002  b_vm_push                          vm
     00000002  b_vm_push_reference                vm
     00000002  b_vm_push_value                    vm
     00000002  b_vm_push_value_ind                vm
     00000002  b_vm_raise                         vm
     00000002  b_vm_rand                          vm
     00000002  b_vm_reserve                       vm
ASxxxx Linker V03.00/V05.40 + sdld,  page 4.
Hexadecimal  [32-Bits]

Area                                    Addr        Size        Decimal Bytes (Attributes)
--------------------------------        ----        ----        ------- ----- ------------
.  .ABS.                            00000000    00000000 =           0. bytes (ABS,CON)

      Value  Global                              Global Defined In Module
      -----  --------------------------------   ------------------------
     00000002  b_vm_ret                           vm
     00000002  b_vm_ret_far                       vm
     00000002  b_vm_set                           vm
     00000002  b_vm_set_const                     vm
     00000002  b_vm_set_const_int16               vm
     00000002  b_vm_set_const_int8                vm
     00000002  b_vm_set_indirect                  vm
     00000002  b_vm_set_int16                     vm
     00000002  b_vm_set_int8                      vm
     00000002  b_vm_set_uint8                     vm
     00000002  b_vm_terminate                     vm
     00000002  b_vm_test_terminate                vm
     00000002  b_vm_unlock                        vm
     00000002  b_wait_frames                      vm
     00000002  l__HEADER10                     
     00000002  l__HEADER6                      
     00000002  l__HEADERd                      
     00000003  ___bank_bg_chrislevel1_tilemap     bg_chrislevel1_tilemap
     00000003  ___bank_bg_chrislevel1_tilemap_a   bg_chrislevel1_tilemap_attr
     00000003  ___bank_bg_rosiesbathroom2_tiles   bg_rosiesbathroom2_tileset
     00000003  ___bank_bg_sleepy_fox_tileset      bg_sleepy_fox_tileset
     00000003  ___bank_scene_15_collisions        scene_15_collisions
     00000003  ___bank_scene_1_sprites            scene_1_sprites
     00000003  ___bank_song_rulz_intro_0_Data     song_rulz_intro_0_Data
     00000003  b_do_load_palette                  data_manager
     00000003  b_load_background                  data_manager
     00000003  b_load_bkg_tileset                 data_manager
     00000003  b_load_bounds                      data_manager
     00000003  b_load_emote                       data_manager
     00000003  b_load_init                        data_manager
     00000003  b_load_player                      data_manager
     00000003  b_load_scene                       data_manager
     00000003  b_load_sprite                      data_manager
     00000003  l__HEADER9                      
     00000003  l__HEADER_LCD0                  
     00000003  l__HRAM12                       
     00000004  ___bank_VM_GAMEBOY                 vm_gameboy
     00000004  ___bank_VM_UI                      vm_ui
     00000004  ___bank_actor_32_interact          actor_32_interact
     00000004  ___bank_bg_dungeonlevel4_bossroo   bg_dungeonlevel4_bossroom_ti
     00000004  ___bank_bg_hubarea_tileset         bg_hubarea_tileset
     00000004  ___bank_bg_menu_tileset            bg_menu_tileset
     00000004  ___bank_bg_win_tileset             bg_win_tileset
     00000004  b_adventure_init                   adventure
     00000004  b_adventure_update                 adventure
     00000004  b_shmup_init                       shmup
     00000004  b_shmup_update                     shmup
     00000004  b_topdown_init                     topdown
     00000004  b_topdown_update                   topdown
     00000004  b_vm_choice                        vm_ui
     00000004  b_vm_context_prepare               vm_gameboy
ASxxxx Linker V03.00/V05.40 + sdld,  page 5.
Hexadecimal  [32-Bits]

Area                                    Addr        Size        Decimal Bytes (Attributes)
--------------------------------        ----        ----        ------- ----- ------------
.  .ABS.                            00000000    00000000 =           0. bytes (ABS,CON)

      Value  Global                              Global Defined In Module
      -----  --------------------------------   ------------------------
     00000004  b_vm_display_text                  vm_ui
     00000004  b_vm_fade                          vm_gameboy
     00000004  b_vm_get_tile_xy                   vm_gameboy
     00000004  b_vm_input_attach                  vm_gameboy
     00000004  b_vm_input_detach                  vm_gameboy
     00000004  b_vm_input_get                     vm_gameboy
     00000004  b_vm_input_wait                    vm_gameboy
     00000004  b_vm_load_tiles                    vm_gameboy
     00000004  b_vm_load_tileset                  vm_gameboy
     00000004  b_vm_overlay_clear                 vm_ui
     00000004  b_vm_overlay_move_to               vm_ui
     00000004  b_vm_overlay_scroll                vm_ui
     00000004  b_vm_overlay_set_map               vm_ui
     00000004  b_vm_overlay_set_scroll            vm_ui
     00000004  b_vm_overlay_set_submap            vm_ui
     00000004  b_vm_overlay_set_submap_ex         vm_ui
     00000004  b_vm_overlay_setpos                vm_ui
     00000004  b_vm_overlay_show                  vm_ui
     00000004  b_vm_overlay_wait                  vm_ui
     00000004  b_vm_poll                          vm_gameboy
     00000004  b_vm_replace_tile                  vm_gameboy
     00000004  b_vm_replace_tile_xy               vm_gameboy
     00000004  b_vm_rumble                        vm_gameboy
     00000004  b_vm_set_font                      vm_ui
     00000004  b_vm_set_sprite_mode               vm_gameboy
     00000004  b_vm_set_sprites_visible           vm_gameboy
     00000004  b_vm_set_text_sound                vm_ui
     00000004  b_vm_switch_text_layer             vm_ui
     00000004  b_vm_timer_prepare                 vm_gameboy
     00000004  b_vm_timer_reset                   vm_gameboy
     00000004  b_vm_timer_set                     vm_gameboy
     00000004  b_vm_timer_stop                    vm_gameboy
     00000004  l__CRASH_HEADER1                
     00000004  l__HEADER_SIO0                  
     00000004  l__HEADER_TIMER0                
     00000005  ___bank_bg_chriscafe_tileset       bg_chriscafe_tileset
     00000005  ___bank_bg_chrislevel2_tileset     bg_chrislevel2_tileset
     00000005  ___bank_bg_chrislevel3_tileset     bg_chrislevel3_tileset
     00000005  ___bank_bg_computerlablevel3_til   bg_computerlablevel3_tileset
     00000005  ___bank_bg_dungeonlevel1_tilemap   bg_dungeonlevel1_tilemap_att
     00000005  ___bank_bg_dungeonlevel1_tileset   bg_dungeonlevel1_tileset
     00000005  ___bank_bg_dungeonlevel2_tilemap   bg_dungeonlevel2_tilemap
     00000005  ___bank_bg_dungeonlevel2_tilemap   bg_dungeonlevel2_tilemap_att
     00000005  ___bank_bg_dungeonlevel4_bossroo   bg_dungeonlevel4_bossroom_ti
     00000005  ___bank_bg_menu_tilemap_attr       bg_menu_tilemap_attr
     00000005  ___bank_bg_rosiesv2_tileset        bg_rosiesv2_tileset
     00000005  ___bank_scene_12_collisions        scene_12_collisions
     00000005  ___bank_scene_14_collisions        scene_14_collisions
     00000005  ___bank_script_init_menu           script_init_menu
     00000005  l__CRASH_HEADER0                
     00000005  l__HEADER1                      
ASxxxx Linker V03.00/V05.40 + sdld,  page 6.
Hexadecimal  [32-Bits]

Area                                    Addr        Size        Decimal Bytes (Attributes)
--------------------------------        ----        ----        ------- ----- ------------
.  .ABS.                            00000000    00000000 =           0. bytes (ABS,CON)

      Value  Global                              Global Defined In Module
      -----  --------------------------------   ------------------------
     00000006  ___bank_bg_chrislevel2_tilemap     bg_chrislevel2_tilemap
     00000006  ___bank_bg_chrislevel2_tilemap_a   bg_chrislevel2_tilemap_attr
     00000006  ___bank_bg_chrislivingroom_tiles   bg_chrislivingroom_tileset
     00000006  ___bank_bg_computerlablevel2_til   bg_computerlablevel2_tilemap
     00000006  ___bank_bg_computerlablevel2_til   bg_computerlablevel2_tilemap
     00000006  ___bank_bg_computerlablevel2_til   bg_computerlablevel2_tileset
     00000006  ___bank_bg_computerlablevel3_til   bg_computerlablevel3_tilemap
     00000006  ___bank_bg_dungeonlevel1_tilemap   bg_dungeonlevel1_tilemap
     00000006  ___bank_bg_dungeonlevel2_tileset   bg_dungeonlevel2_tileset
     00000006  ___bank_bg_dungeonlevel3_tileset   bg_dungeonlevel3_tileset
     00000006  ___bank_scene_11_collisions        scene_11_collisions
     00000006  ___bank_scene_16_collisions        scene_16_collisions
     00000006  b_core_reset                       core
     00000006  b_core_run                         core
     00000006  b_data_clear                       load_save
     00000006  b_data_init                        load_save
     00000006  b_data_load                        load_save
     00000006  b_data_peek                        load_save
     00000006  b_data_save                        load_save
     00000006  b_projectile_launch                projectiles
     00000006  b_projectiles_init                 projectiles
     00000006  b_trigger_activate_at              trigger
     00000006  b_trigger_activate_at_intersecti   trigger
     00000006  b_trigger_at_intersection          trigger
     00000006  b_trigger_at_tile                  trigger
     00000006  b_trigger_interact                 trigger
     00000006  b_trigger_reset                    trigger
     00000006  l__HEADER8                      
     00000007  ___bank_VM_CAMERA                  vm_camera
     00000007  ___bank_VM_SIO                     vm_sio
     00000007  ___bank_actor_8_interact           actor_8_interact
     00000007  ___bank_bg_chrisbedroom_tileset    bg_chrisbedroom_tileset
     00000007  ___bank_bg_chrislevel4_tileset     bg_chrislevel4_tileset
     00000007  ___bank_bg_computerlablevel1_til   bg_computerlablevel1_tilemap
     00000007  ___bank_bg_computerlablevel1_til   bg_computerlablevel1_tilemap
     00000007  ___bank_bg_computerlablevel1_til   bg_computerlablevel1_tileset
     00000007  ___bank_bg_computerlablevel4_til   bg_computerlablevel4_tileset
     00000007  ___bank_bg_dungeonlevel3_tilemap   bg_dungeonlevel3_tilemap
     00000007  ___bank_bg_hubarea_tilemap         bg_hubarea_tilemap
     00000007  ___bank_bg_hubarea_tilemap_attr    bg_hubarea_tilemap_attr
     00000007  ___bank_scene_0_collisions         scene_0_collisions
     00000007  ___bank_scene_10_collisions        scene_10_collisions
     00000007  ___bank_scene_13_collisions        scene_13_collisions
     00000007  ___bank_scene_18_collisions        scene_18_collisions
     00000007  ___bank_scene_8_collisions         scene_8_collisions
     00000007  b___HandleCrash_banked             
     00000007  b_atan2                            math_atan2
     00000007  b_camera_shake_frames              vm_camera
     00000007  b_fade_applypalettechange          fade_manager
     00000007  b_fade_in                          fade_manager
     00000007  b_fade_in_modal                    fade_manager
ASxxxx Linker V03.00/V05.40 + sdld,  page 7.
Hexadecimal  [32-Bits]

Area                                    Addr        Size        Decimal Bytes (Attributes)
--------------------------------        ----        ----        ------- ----- ------------
.  .ABS.                            00000000    00000000 =           0. bytes (ABS,CON)

      Value  Global                              Global Defined In Module
      -----  --------------------------------   ------------------------
     00000007  b_fade_init                        fade_manager
     00000007  b_fade_out                         fade_manager
     00000007  b_fade_out_modal                   fade_manager
     00000007  b_fade_setspeed                    fade_manager
     00000007  b_fade_update                      fade_manager
     00000007  b_gbprinter_detect                 gbprinter
     00000007  b_gbprinter_print_overlay          gbprinter
     00000007  b_pointnclick_init                 pointnclick
     00000007  b_pointnclick_update               pointnclick
     00000007  b_vm_camera_move_to                vm_camera
     00000007  b_vm_camera_set_pos                vm_camera
     00000007  b_vm_sio_exchange                  vm_sio
     00000007  b_vm_sio_set_mode                  vm_sio
     00000007  l__HEADER2                      
     00000008  ___bank_VM_PALETTE                 vm_palette
     00000008  ___bank_actor_0_update             actor_0_update
     00000008  ___bank_actor_15_interact          actor_15_interact
     00000008  ___bank_actor_24_interact          actor_24_interact
     00000008  ___bank_actor_32_update            actor_32_update
     00000008  ___bank_actor_33_update            actor_33_update
     00000008  ___bank_actor_34_update            actor_34_update
     00000008  ___bank_actor_35_update            actor_35_update
     00000008  ___bank_actor_36_update            actor_36_update
     00000008  ___bank_actor_37_update            actor_37_update
     00000008  ___bank_actor_38_update            actor_38_update
     00000008  ___bank_actor_39_update            actor_39_update
     00000008  ___bank_actor_40_update            actor_40_update
     00000008  ___bank_actor_41_update            actor_41_update
     00000008  ___bank_actor_42_update            actor_42_update
     00000008  ___bank_actor_43_update            actor_43_update
     00000008  ___bank_actor_6_update             actor_6_update
     00000008  ___bank_actor_7_update             actor_7_update
     00000008  ___bank_bg_chrisbedroom_tilemap    bg_chrisbedroom_tilemap
     00000008  ___bank_bg_chriscafe_tilemap       bg_chriscafe_tilemap
     00000008  ___bank_bg_chriscafe_tilemap_att   bg_chriscafe_tilemap_attr
     00000008  ___bank_bg_chrislevel3_tilemap     bg_chrislevel3_tilemap
     00000008  ___bank_bg_chrislevel4_tilemap     bg_chrislevel4_tilemap
     00000008  ___bank_bg_chrislivingroom_tilem   bg_chrislivingroom_tilemap
     00000008  ___bank_bg_computerlablevel4_til   bg_computerlablevel4_tilemap
     00000008  ___bank_bg_menu_tilemap            bg_menu_tilemap
     00000008  ___bank_bg_rosiesbathroom2_tilem   bg_rosiesbathroom2_tilemap
     00000008  ___bank_bg_sleepy_fox_tilemap      bg_sleepy_fox_tilemap
     00000008  ___bank_bg_win_tilemap             bg_win_tilemap
     00000008  ___bank_scene_12_actors            scene_12_actors
     00000008  ___bank_scene_17_collisions        scene_17_collisions
     00000008  ___bank_scene_18_init              scene_18_init
     00000008  ___bank_scene_19_collisions        scene_19_collisions
     00000008  ___bank_scene_1_collisions         scene_1_collisions
     00000008  ___bank_scene_21_collisions        scene_21_collisions
     00000008  ___bank_scene_22_collisions        scene_22_collisions
     00000008  ___bank_scene_2_collisions         scene_2_collisions
ASxxxx Linker V03.00/V05.40 + sdld,  page 8.
Hexadecimal  [32-Bits]

Area                                    Addr        Size        Decimal Bytes (Attributes)
--------------------------------        ----        ----        ------- ----- ------------
.  .ABS.                            00000000    00000000 =           0. bytes (ABS,CON)

      Value  Global                              Global Defined In Module
      -----  --------------------------------   ------------------------
     00000008  ___bank_scene_7_collisions         scene_7_collisions
     00000008  ___bank_sprite_player_tileset      sprite_player_tileset
     00000008  ___mute_mask_sound_legacy_0        sound_legacy_0
     00000008  b_set_sgb_border                   sgb_border
     00000008  b_vm_load_palette                  vm_palette
     00000008  l__HEADER3                      
     00000009  ___bank_VM_GBPRINTER               vm_gbprinter
     00000009  ___bank_VM_LOAD_SAVE               vm_load_save
     00000009  ___bank_VM_MATH                    vm_math
     00000009  ___bank_VM_MUSIC                   vm_music
     00000009  ___bank_VM_PROJECTILE              vm_projectiles
     00000009  ___bank_VM_RTC                     vm_rtc
     00000009  ___bank_VM_SCENE                   vm_scene
     00000009  ___bank_actor_0_interact           actor_0_interact
     00000009  ___bank_actor_10_update            actor_10_update
     00000009  ___bank_actor_11_update            actor_11_update
     00000009  ___bank_actor_14_interact          actor_14_interact
     00000009  ___bank_actor_16_update            actor_16_update
     00000009  ___bank_actor_17_update            actor_17_update
     00000009  ___bank_actor_18_update            actor_18_update
     00000009  ___bank_actor_19_update            actor_19_update
     00000009  ___bank_actor_1_interact           actor_1_interact
     00000009  ___bank_actor_20_update            actor_20_update
     00000009  ___bank_actor_22_update            actor_22_update
     00000009  ___bank_actor_23_update            actor_23_update
     00000009  ___bank_actor_25_interact          actor_25_interact
     00000009  ___bank_actor_26_update            actor_26_update
     00000009  ___bank_actor_27_interact          actor_27_interact
     00000009  ___bank_actor_28_interact          actor_28_interact
     00000009  ___bank_actor_2_interact           actor_2_interact
     00000009  ___bank_actor_30_interact          actor_30_interact
     00000009  ___bank_actor_33_interact          actor_33_interact
     00000009  ___bank_actor_34_interact          actor_34_interact
     00000009  ___bank_actor_35_interact          actor_35_interact
     00000009  ___bank_actor_36_interact          actor_36_interact
     00000009  ___bank_actor_37_interact          actor_37_interact
     00000009  ___bank_actor_38_interact          actor_38_interact
     00000009  ___bank_actor_39_interact          actor_39_interact
     00000009  ___bank_actor_3_interact           actor_3_interact
     00000009  ___bank_actor_40_interact          actor_40_interact
     00000009  ___bank_actor_41_interact          actor_41_interact
     00000009  ___bank_actor_42_interact          actor_42_interact
     00000009  ___bank_actor_43_interact          actor_43_interact
     00000009  ___bank_actor_44_update            actor_44_update
     00000009  ___bank_actor_45_update            actor_45_update
     00000009  ___bank_actor_46_update            actor_46_update
     00000009  ___bank_actor_47_update            actor_47_update
     00000009  ___bank_actor_48_update            actor_48_update
     00000009  ___bank_actor_49_update            actor_49_update
     00000009  ___bank_actor_50_update            actor_50_update
     00000009  ___bank_actor_54_interact          actor_54_interact
ASxxxx Linker V03.00/V05.40 + sdld,  page 9.
Hexadecimal  [32-Bits]

Area                                    Addr        Size        Decimal Bytes (Attributes)
--------------------------------        ----        ----        ------- ----- ------------
.  .ABS.                            00000000    00000000 =           0. bytes (ABS,CON)

      Value  Global                              Global Defined In Module
      -----  --------------------------------   ------------------------
     00000009  ___bank_actor_55_update            actor_55_update
     00000009  ___bank_actor_6_interact           actor_6_interact
     00000009  ___bank_actor_7_interact           actor_7_interact
     00000009  ___bank_actor_9_interact           actor_9_interact
     00000009  ___bank_avatar_font_0              avatar_font_0
     00000009  ___bank_bg_dungeonlevel4_bossroo   bg_dungeonlevel4_bossroom_ti
     00000009  ___bank_bg_rosiesv2_tilemap        bg_rosiesv2_tilemap
     00000009  ___bank_bg_rosiesv2_tilemap_attr   bg_rosiesv2_tilemap_attr
     00000009  ___bank_frame_image                frame_image
     00000009  ___bank_scene_0_actors             scene_0_actors
     00000009  ___bank_scene_10_actors            scene_10_actors
     00000009  ___bank_scene_11_actors            scene_11_actors
     00000009  ___bank_scene_13_actors            scene_13_actors
     00000009  ___bank_scene_14_actors            scene_14_actors
     00000009  ___bank_scene_15_actors            scene_15_actors
     00000009  ___bank_scene_16_actors            scene_16_actors
     00000009  ___bank_scene_17_actors            scene_17_actors
     00000009  ___bank_scene_18_actors            scene_18_actors
     00000009  ___bank_scene_19_actors            scene_19_actors
     00000009  ___bank_scene_19_init              scene_19_init
     00000009  ___bank_scene_1_actors             scene_1_actors
     00000009  ___bank_scene_20_actors            scene_20_actors
     00000009  ___bank_scene_20_collisions        scene_20_collisions
     00000009  ___bank_scene_21_actors            scene_21_actors
     00000009  ___bank_scene_2_actors             scene_2_actors
     00000009  ___bank_scene_3_collisions         scene_3_collisions
     00000009  ___bank_scene_8_actors             scene_8_actors
     00000009  ___bank_scene_logo_collisions      scene_logo_collisions
     00000009  ___bank_scene_title_screen_colli   scene_title_screen_collision
     00000009  ___bank_scene_title_screen_init    scene_title_screen_init
     00000009  ___bank_script_12                  script_12
     00000009  ___bank_sprite_fritzfull_tileset   sprite_fritzfull_tileset
     00000009  ___bank_sprite_healthbar_tileset   sprite_healthbar_tileset
     00000009  ___bank_sprite_kopturfull_tilese   sprite_kopturfull_tileset
     00000009  ___bank_sprite_machine_tileset     sprite_machine_tileset
     00000009  ___bank_sprite_player              sprite_player
     00000009  ___bank_sprite_squirrelfull_tile   sprite_squirrelfull_tileset
     00000009  ___bank_sprite_sword_tileset       sprite_sword_tileset
     00000009  ___bank_sprite_tottenfull_tilese   sprite_tottenfull_tileset
     00000009  b_erase_flash                      
     00000009  b_events_init                      events
     00000009  b_itoa_fmt                         vm_ui_a
     00000009  b_music_events_poll                music_manager
     00000009  b_music_init_driver                music_manager
     00000009  b_music_init_events                music_manager
     00000009  b_restore_sram                     flasher
     00000009  b_restore_sram_bank                flasher
     00000009  b_save_sram                        flasher
     00000009  b_save_sram_banks                  
     00000009  b_timers_init                      events
     00000009  b_vm_cos_scale                     vm_math
ASxxxx Linker V03.00/V05.40 + sdld,  page 10.
Hexadecimal  [32-Bits]

Area                                    Addr        Size        Decimal Bytes (Attributes)
--------------------------------        ----        ----        ------- ----- ------------
.  .ABS.                            00000000    00000000 =           0. bytes (ABS,CON)

      Value  Global                              Global Defined In Module
      -----  --------------------------------   ------------------------
     00000009  b_vm_music_mute                    vm_music
     00000009  b_vm_music_play                    vm_music
     00000009  b_vm_music_routine                 vm_music
     00000009  b_vm_music_setpos                  vm_music
     00000009  b_vm_music_stop                    vm_music
     00000009  b_vm_print_detect                  vm_gbprinter
     00000009  b_vm_print_overlay                 vm_gbprinter
     00000009  b_vm_projectile_launch             vm_projectiles
     00000009  b_vm_projectile_load_type          vm_projectiles
     00000009  b_vm_rtc_get                       vm_rtc
     00000009  b_vm_rtc_latch                     vm_rtc
     00000009  b_vm_rtc_set                       vm_rtc
     00000009  b_vm_rtc_start                     vm_rtc
     00000009  b_vm_save_clear                    vm_load_save
     00000009  b_vm_save_peek                     vm_load_save
     00000009  b_vm_scene_pop                     vm_scene
     00000009  b_vm_scene_pop_all                 vm_scene
     00000009  b_vm_scene_push                    vm_scene
     00000009  b_vm_scene_stack_reset             vm_scene
     00000009  b_vm_sfx_play                      vm_music
     00000009  b_vm_sin_scale                     vm_math
     00000009  b_vm_sound_mastervol               vm_music
     0000000A  ___bank_actor_12_interact          actor_12_interact
     0000000A  ___bank_actor_21_interact          actor_21_interact
     0000000A  ___bank_actor_24_update            actor_24_update
     0000000A  ___bank_actor_29_interact          actor_29_interact
     0000000A  ___bank_actor_4_update             actor_4_update
     0000000A  ___bank_actor_51_interact          actor_51_interact
     0000000A  ___bank_actor_52_interact          actor_52_interact
     0000000A  ___bank_actor_53_interact          actor_53_interact
     0000000A  ___bank_actor_56_interact          actor_56_interact
     0000000A  ___bank_actor_57_interact          actor_57_interact
     0000000A  ___bank_actor_58_interact          actor_58_interact
     0000000A  ___bank_actor_59_interact          actor_59_interact
     0000000A  ___bank_actor_5_update             actor_5_update
     0000000A  ___bank_actor_60_interact          actor_60_interact
     0000000A  ___bank_actor_61_interact          actor_61_interact
     0000000A  ___bank_actor_9_update             actor_9_update
     0000000A  ___bank_bg_chrisbedroom            bg_chrisbedroom
     0000000A  ___bank_bg_chriscafe               bg_chriscafe
     0000000A  ___bank_bg_chrislevel1             bg_chrislevel1
     0000000A  ___bank_bg_chrislevel2             bg_chrislevel2
     0000000A  ___bank_bg_chrislevel3             bg_chrislevel3
     0000000A  ___bank_bg_chrislevel4             bg_chrislevel4
     0000000A  ___bank_bg_chrislivingroom         bg_chrislivingroom
     0000000A  ___bank_bg_computerlablevel1       bg_computerlablevel1
     0000000A  ___bank_bg_computerlablevel2       bg_computerlablevel2
     0000000A  ___bank_bg_computerlablevel3       bg_computerlablevel3
     0000000A  ___bank_bg_computerlablevel4       bg_computerlablevel4
     0000000A  ___bank_bg_dungeonlevel1           bg_dungeonlevel1
     0000000A  ___bank_bg_dungeonlevel2           bg_dungeonlevel2
ASxxxx Linker V03.00/V05.40 + sdld,  page 11.
Hexadecimal  [32-Bits]

Area                                    Addr        Size        Decimal Bytes (Attributes)
--------------------------------        ----        ----        ------- ----- ------------
.  .ABS.                            00000000    00000000 =           0. bytes (ABS,CON)

      Value  Global                              Global Defined In Module
      -----  --------------------------------   ------------------------
     0000000A  ___bank_bg_dungeonlevel3           bg_dungeonlevel3
     0000000A  ___bank_bg_dungeonlevel4_bossroo   bg_dungeonlevel4_bossroom
     0000000A  ___bank_bg_hubarea                 bg_hubarea
     0000000A  ___bank_bg_menu                    bg_menu
     0000000A  ___bank_bg_rosiesbathroom2         bg_rosiesbathroom2
     0000000A  ___bank_bg_rosiesv2                bg_rosiesv2
     0000000A  ___bank_bg_sleepy_fox              bg_sleepy_fox
     0000000A  ___bank_bg_win                     bg_win
     0000000A  ___bank_bootstrap_script           
     0000000A  ___bank_cursor_image               cursor_image
     0000000A  ___bank_palette_0                  palette_0
     0000000A  ___bank_palette_1                  palette_1
     0000000A  ___bank_scene_0                    scene_0
     0000000A  ___bank_scene_0_init               scene_0_init
     0000000A  ___bank_scene_0_p_hit1             scene_0_p_hit1
     0000000A  ___bank_scene_0_projectiles        scene_0_projectiles
     0000000A  ___bank_scene_0_sprites            scene_0_sprites
     0000000A  ___bank_scene_0_triggers           scene_0_triggers
     0000000A  ___bank_scene_1                    scene_1
     0000000A  ___bank_scene_10                   scene_10
     0000000A  ___bank_scene_10_init              scene_10_init
     0000000A  ___bank_scene_10_p_hit1            scene_10_p_hit1
     0000000A  ___bank_scene_10_projectiles       scene_10_projectiles
     0000000A  ___bank_scene_10_sprites           scene_10_sprites
     0000000A  ___bank_scene_10_triggers          scene_10_triggers
     0000000A  ___bank_scene_11                   scene_11
     0000000A  ___bank_scene_11_init              scene_11_init
     0000000A  ___bank_scene_11_p_hit1            scene_11_p_hit1
     0000000A  ___bank_scene_11_projectiles       scene_11_projectiles
     0000000A  ___bank_scene_11_sprites           scene_11_sprites
     0000000A  ___bank_scene_11_triggers          scene_11_triggers
     0000000A  ___bank_scene_12                   scene_12
     0000000A  ___bank_scene_12_init              scene_12_init
     0000000A  ___bank_scene_12_p_hit1            scene_12_p_hit1
     0000000A  ___bank_scene_12_projectiles       scene_12_projectiles
     0000000A  ___bank_scene_12_sprites           scene_12_sprites
     0000000A  ___bank_scene_12_triggers          scene_12_triggers
     0000000A  ___bank_scene_13                   scene_13
     0000000A  ___bank_scene_13_init              scene_13_init
     0000000A  ___bank_scene_13_p_hit1            scene_13_p_hit1
     0000000A  ___bank_scene_13_projectiles       scene_13_projectiles
     0000000A  ___bank_scene_13_sprites           scene_13_sprites
     0000000A  ___bank_scene_13_triggers          scene_13_triggers
     0000000A  ___bank_scene_14                   scene_14
     0000000A  ___bank_scene_14_init              scene_14_init
     0000000A  ___bank_scene_14_p_hit1            scene_14_p_hit1
     0000000A  ___bank_scene_14_projectiles       scene_14_projectiles
     0000000A  ___bank_scene_14_sprites           scene_14_sprites
     0000000A  ___bank_scene_14_triggers          scene_14_triggers
     0000000A  ___bank_scene_15                   scene_15
     0000000A  ___bank_scene_15_init              scene_15_init
ASxxxx Linker V03.00/V05.40 + sdld,  page 12.
Hexadecimal  [32-Bits]

Area                                    Addr        Size        Decimal Bytes (Attributes)
--------------------------------        ----        ----        ------- ----- ------------
.  .ABS.                            00000000    00000000 =           0. bytes (ABS,CON)

      Value  Global                              Global Defined In Module
      -----  --------------------------------   ------------------------
     0000000A  ___bank_scene_15_p_hit1            scene_15_p_hit1
     0000000A  ___bank_scene_15_projectiles       scene_15_projectiles
     0000000A  ___bank_scene_15_sprites           scene_15_sprites
     0000000A  ___bank_scene_15_triggers          scene_15_triggers
     0000000A  ___bank_scene_16                   scene_16
     0000000A  ___bank_scene_16_init              scene_16_init
     0000000A  ___bank_scene_16_p_hit1            scene_16_p_hit1
     0000000A  ___bank_scene_16_projectiles       scene_16_projectiles
     0000000A  ___bank_scene_16_sprites           scene_16_sprites
     0000000A  ___bank_scene_16_triggers          scene_16_triggers
     0000000A  ___bank_scene_17                   scene_17
     0000000A  ___bank_scene_17_init              scene_17_init
     0000000A  ___bank_scene_17_projectiles       scene_17_projectiles
     0000000A  ___bank_scene_17_sprites           scene_17_sprites
     0000000A  ___bank_scene_17_triggers          scene_17_triggers
     0000000A  ___bank_scene_18                   scene_18
     0000000A  ___bank_scene_18_p_hit1            scene_18_p_hit1
     0000000A  ___bank_scene_18_projectiles       scene_18_projectiles
     0000000A  ___bank_scene_18_sprites           scene_18_sprites
     0000000A  ___bank_scene_18_triggers          scene_18_triggers
     0000000A  ___bank_scene_19                   scene_19
     0000000A  ___bank_scene_19_p_hit1            scene_19_p_hit1
     0000000A  ___bank_scene_19_projectiles       scene_19_projectiles
     0000000A  ___bank_scene_19_sprites           scene_19_sprites
     0000000A  ___bank_scene_19_triggers          scene_19_triggers
     0000000A  ___bank_scene_1_init               scene_1_init
     0000000A  ___bank_scene_1_projectiles        scene_1_projectiles
     0000000A  ___bank_scene_1_triggers           scene_1_triggers
     0000000A  ___bank_scene_2                    scene_2
     0000000A  ___bank_scene_20                   scene_20
     0000000A  ___bank_scene_20_init              scene_20_init
     0000000A  ___bank_scene_20_projectiles       scene_20_projectiles
     0000000A  ___bank_scene_20_sprites           scene_20_sprites
     0000000A  ___bank_scene_20_triggers          scene_20_triggers
     0000000A  ___bank_scene_21                   scene_21
     0000000A  ___bank_scene_21_init              scene_21_init
     0000000A  ___bank_scene_21_projectiles       scene_21_projectiles
     0000000A  ___bank_scene_21_sprites           scene_21_sprites
     0000000A  ___bank_scene_21_triggers          scene_21_triggers
     0000000A  ___bank_scene_22                   scene_22
     0000000A  ___bank_scene_22_actors            scene_22_actors
     0000000A  ___bank_scene_22_init              scene_22_init
     0000000A  ___bank_scene_22_projectiles       scene_22_projectiles
     0000000A  ___bank_scene_22_sprites           scene_22_sprites
     0000000A  ___bank_scene_22_triggers          scene_22_triggers
     0000000A  ___bank_scene_2_init               scene_2_init
     0000000A  ___bank_scene_2_projectiles        scene_2_projectiles
     0000000A  ___bank_scene_2_sprites            scene_2_sprites
     0000000A  ___bank_scene_2_triggers           scene_2_triggers
     0000000A  ___bank_scene_3                    scene_3
     0000000A  ___bank_scene_3_init               scene_3_init
ASxxxx Linker V03.00/V05.40 + sdld,  page 13.
Hexadecimal  [32-Bits]

Area                                    Addr        Size        Decimal Bytes (Attributes)
--------------------------------        ----        ----        ------- ----- ------------
.  .ABS.                            00000000    00000000 =           0. bytes (ABS,CON)

      Value  Global                              Global Defined In Module
      -----  --------------------------------   ------------------------
     0000000A  ___bank_scene_7                    scene_7
     0000000A  ___bank_scene_7_actors             scene_7_actors
     0000000A  ___bank_scene_7_init               scene_7_init
     0000000A  ___bank_scene_7_projectiles        scene_7_projectiles
     0000000A  ___bank_scene_7_sprites            scene_7_sprites
     0000000A  ___bank_scene_7_triggers           scene_7_triggers
     0000000A  ___bank_scene_8                    scene_8
     0000000A  ___bank_scene_8_init               scene_8_init
     0000000A  ___bank_scene_8_p_hit1             scene_8_p_hit1
     0000000A  ___bank_scene_8_projectiles        scene_8_projectiles
     0000000A  ___bank_scene_8_sprites            scene_8_sprites
     0000000A  ___bank_scene_8_triggers           scene_8_triggers
     0000000A  ___bank_scene_logo                 scene_logo
     0000000A  ___bank_scene_logo_init            scene_logo_init
     0000000A  ___bank_scene_logo_projectiles     scene_logo_projectiles
     0000000A  ___bank_scene_title_screen         scene_title_screen
     0000000A  ___bank_script_14                  script_14
     0000000A  ___bank_script_engine_init         
     0000000A  ___bank_script_input_0             script_input_0
     0000000A  ___bank_script_input_1             script_input_1
     0000000A  ___bank_sound_legacy_0             sound_legacy_0
     0000000A  ___bank_sprite_bullet              sprite_bullet
     0000000A  ___bank_sprite_bullet_tileset      sprite_bullet_tileset
     0000000A  ___bank_sprite_dartwallsprite      sprite_dartwallsprite
     0000000A  ___bank_sprite_dartwallsprite_ti   sprite_dartwallsprite_tilese
     0000000A  ___bank_sprite_flashcard           sprite_flashcard
     0000000A  ___bank_sprite_flashcard_tileset   sprite_flashcard_tileset
     0000000A  ___bank_sprite_fritzfull           sprite_fritzfull
     0000000A  ___bank_sprite_gardenbook          sprite_gardenbook
     0000000A  ___bank_sprite_gardenbook_tilese   sprite_gardenbook_tileset
     0000000A  ___bank_sprite_healthbar           sprite_healthbar
     0000000A  ___bank_sprite_kopturfull          sprite_kopturfull
     0000000A  ___bank_sprite_levelbook           sprite_levelbook
     0000000A  ___bank_sprite_levelbook_tileset   sprite_levelbook_tileset
     0000000A  ___bank_sprite_locked_door         sprite_locked_door
     0000000A  ___bank_sprite_locked_door_tiles   sprite_locked_door_tileset
     0000000A  ___bank_sprite_machine             sprite_machine
     0000000A  ___bank_sprite_rosies              sprite_rosies
     0000000A  ___bank_sprite_rosies_tileset      sprite_rosies_tileset
     0000000A  ___bank_sprite_shield_sprite_16x   sprite_shield_sprite_16x16
     0000000A  ___bank_sprite_shield_sprite_16x   sprite_shield_sprite_16x16_t
     0000000A  ___bank_sprite_signpost            sprite_signpost
     0000000A  ___bank_sprite_signpost_tileset    sprite_signpost_tileset
     0000000A  ___bank_sprite_squirrelfull        sprite_squirrelfull
     0000000A  ___bank_sprite_sword               sprite_sword
     0000000A  ___bank_sprite_swordsprite_16x16   sprite_swordsprite_16x16
     0000000A  ___bank_sprite_swordsprite_16x16   sprite_swordsprite_16x16_til
     0000000A  ___bank_sprite_tottenfull          sprite_tottenfull
     0000000A  ___bank_spritesheet_none           spritesheet_none
     0000000A  ___bank_trigger_0_interact         trigger_0_interact
     0000000A  ___bank_trigger_10_interact        trigger_10_interact
ASxxxx Linker V03.00/V05.40 + sdld,  page 14.
Hexadecimal  [32-Bits]

Area                                    Addr        Size        Decimal Bytes (Attributes)
--------------------------------        ----        ----        ------- ----- ------------
.  .ABS.                            00000000    00000000 =           0. bytes (ABS,CON)

      Value  Global                              Global Defined In Module
      -----  --------------------------------   ------------------------
     0000000A  ___bank_trigger_11_interact        trigger_11_interact
     0000000A  ___bank_trigger_12_interact        trigger_12_interact
     0000000A  ___bank_trigger_13_interact        trigger_13_interact
     0000000A  ___bank_trigger_14_interact        trigger_14_interact
     0000000A  ___bank_trigger_15_interact        trigger_15_interact
     0000000A  ___bank_trigger_16_interact        trigger_16_interact
     0000000A  ___bank_trigger_17_interact        trigger_17_interact
     0000000A  ___bank_trigger_18_interact        trigger_18_interact
     0000000A  ___bank_trigger_19_interact        trigger_19_interact
     0000000A  ___bank_trigger_1_interact         trigger_1_interact
     0000000A  ___bank_trigger_20_interact        trigger_20_interact
     0000000A  ___bank_trigger_21_interact        trigger_21_interact
     0000000A  ___bank_trigger_22_interact        trigger_22_interact
     0000000A  ___bank_trigger_23_interact        trigger_23_interact
     0000000A  ___bank_trigger_24_interact        trigger_24_interact
     0000000A  ___bank_trigger_25_interact        trigger_25_interact
     0000000A  ___bank_trigger_26_interact        trigger_26_interact
     0000000A  ___bank_trigger_27_interact        trigger_27_interact
     0000000A  ___bank_trigger_28_interact        trigger_28_interact
     0000000A  ___bank_trigger_29_interact        trigger_29_interact
     0000000A  ___bank_trigger_2_interact         trigger_2_interact
     0000000A  ___bank_trigger_31_interact        trigger_31_interact
     0000000A  ___bank_trigger_32_interact        trigger_32_interact
     0000000A  ___bank_trigger_33_interact        trigger_33_interact
     0000000A  ___bank_trigger_34_interact        trigger_34_interact
     0000000A  ___bank_trigger_35_interact        trigger_35_interact
     0000000A  ___bank_trigger_3_interact         trigger_3_interact
     0000000A  ___bank_trigger_42_interact        trigger_42_interact
     0000000A  ___bank_trigger_43_interact        trigger_43_interact
     0000000A  ___bank_trigger_44_interact        trigger_44_interact
     0000000A  ___bank_trigger_4_interact         trigger_4_interact
     0000000A  ___bank_trigger_5_interact         trigger_5_interact
     0000000A  ___bank_trigger_6_interact         trigger_6_interact
     0000000A  ___bank_trigger_7_interact         trigger_7_interact
     0000000A  ___bank_trigger_8_interact         trigger_8_interact
     0000000A  ___bank_trigger_9_interact         trigger_9_interact
     0000000A  b_CGBZeroPalette                   palette
     0000000A  b_SIO_init                         sio
     0000000A  b_camera_init                      camera
     0000000A  b_camera_reset                     camera
     0000000A  b_input_init                       input
     0000000A  b_logo_init                        logo
     0000000A  b_logo_update                      logo
     0000000A  b_palette_init                     palette
     0000000A  b_parallax_init                    parallax
     0000000A  b_remove_LCD_ISRs                  interrupts
     0000000A  b_scroll_rect                      
     0000000C  __start_save                    
     0000001A  l__INITIALIZED                  
     0000001A  l__INITIALIZER                  
     00000027  l__GSINIT                       
ASxxxx Linker V03.00/V05.40 + sdld,  page 15.
Hexadecimal  [32-Bits]

Area                                    Addr        Size        Decimal Bytes (Attributes)
--------------------------------        ----        ----        ------- ----- ------------
.  .ABS.                            00000000    00000000 =           0. bytes (ABS,CON)

      Value  Global                              Global Defined In Module
      -----  --------------------------------   ------------------------
     00000030  l__HEADER7                      
     00000060  l__HEADER4                      
     000000AB  l__HEADER11                     
     000001CB  l__CRASH_SCRATCH2               
     00000200  s__CODE                         
     00000ECE  l__CODE                         
     000010CE  s__HOME                         
     00001992  l__DATA                         
     00002000  _rROMB0                            
     0000277B  l__CODE_10                      
     00002AAB  l__HOME                         
     00003000  _rROMB1                            
     00003B79  s__BASE                         
     00003B79  s__CODE_0                       
     00003B79  s__INITIALIZER                  
     00003B79  s__LIT                          
     00003B93  s__GSINIT                       
     00003BBA  s__GSFINAL                      
     00003FFB  l__CODE_1                       
     00003FFB  l__CODE_7                       
     00003FFC  l__CODE_4                       
     00003FFC  l__CODE_6                       
     00003FFD  l__CODE_5                       
     00003FFD  l__CODE_8                       
     00004000  _RTC_SELECT_REG                    vm_rtc
     00004000  _rRAMB                             
     00004000  l__CODE_2                       
     00004000  l__CODE_3                       
     00004000  l__CODE_9                       
     00006000  _RTC_LATCH_REG                     vm_rtc
     00008000  __VRAM                             
     00008000  __VRAM8000                         
     00008800  __VRAM8800                         
     00009000  __VRAM9000                         
     00009800  __SCRN0                            
     00009C00  __SCRN1                            
     0000A000  _RTC_VALUE_REG                     vm_rtc
     0000A000  __SRAM                             
     0000C000  __RAM                              
     0000C000  _shadow_OAM                     
     0000C0A0  s__DATA                         
     0000D000  __RAMBANK                          
     0000DA32  s__BSS                          
     0000DA32  s__INITIALIZED                  
     0000DA4C  s__HEAP                         
     0000DA4C  s__HEAP_END                     
     0000DF00  .STACK                          
     0000DF00  _shadow_OAM2                       absolute
     0000DFA0  _BkgPalette                        absolute
     0000DFE0  _vwf_tile_data                     absolute
     0000FE00  __OAMRAM                           
ASxxxx Linker V03.00/V05.40 + sdld,  page 16.
Hexadecimal  [32-Bits]

Area                                    Addr        Size        Decimal Bytes (Attributes)
--------------------------------        ----        ----        ------- ----- ------------
.  .ABS.                            00000000    00000000 =           0. bytes (ABS,CON)

      Value  Global                              Global Defined In Module
      -----  --------------------------------   ------------------------
     0000FF00  _P1_REG                            
     0000FF00  __IO                               
     0000FF01  _SB_REG                            
     0000FF02  _SC_REG                            
     0000FF04  _DIV_REG                           
     0000FF05  _TIMA_REG                          
     0000FF06  _TMA_REG                           
     0000FF07  _TAC_REG                           
     0000FF0F  _IF_REG                            
     0000FF10  _NR10_REG                          
     0000FF11  _NR11_REG                          
     0000FF12  _NR12_REG                          
     0000FF13  _NR13_REG                          
     0000FF14  _NR14_REG                          
     0000FF16  _NR21_REG                          
     0000FF17  _NR22_REG                          
     0000FF18  _NR23_REG                          
     0000FF19  _NR24_REG                          
     0000FF1A  _NR30_REG                          
     0000FF1B  _NR31_REG                          
     0000FF1C  _NR32_REG                          
     0000FF1D  _NR33_REG                          
     0000FF1E  _NR34_REG                          
     0000FF20  _NR41_REG                          
     0000FF21  _NR42_REG                          
     0000FF22  _NR43_REG                          
     0000FF23  _NR44_REG                          
     0000FF24  _NR50_REG                          
     0000FF25  _NR51_REG                          
     0000FF26  _NR52_REG                          
     0000FF30  _AUD3WAVE                          
     0000FF30  _PCM_SAMPLE                        
     0000FF30  __AUD3WAVERAM                      
     0000FF40  _LCDC_REG                          
     0000FF41  _STAT_REG                          
     0000FF42  _SCY_REG                           
     0000FF43  _SCX_REG                           
     0000FF44  _LY_REG                            
     0000FF45  _LYC_REG                           
     0000FF46  _DMA_REG                           
     0000FF47  _BGP_REG                           
     0000FF48  _OBP0_REG                          
     0000FF49  _OBP1_REG                          
     0000FF4A  _WY_REG                            
     0000FF4B  _WX_REG                            
     0000FF4D  _KEY1_REG                          
     0000FF4F  _VBK_REG                           
     0000FF51  _HDMA1_REG                         
     0000FF52  _HDMA2_REG                         
     0000FF53  _HDMA3_REG                         
     0000FF54  _HDMA4_REG                         
ASxxxx Linker V03.00/V05.40 + sdld,  page 17.
Hexadecimal  [32-Bits]

Area                                    Addr        Size        Decimal Bytes (Attributes)
--------------------------------        ----        ----        ------- ----- ------------
.  .ABS.                            00000000    00000000 =           0. bytes (ABS,CON)

      Value  Global                              Global Defined In Module
      -----  --------------------------------   ------------------------
     0000FF55  _HDMA5_REG                         
     0000FF56  _RP_REG                            
     0000FF68  _BCPS_REG                          
     0000FF69  _BCPD_REG                          
     0000FF6A  _OCPS_REG                          
     0000FF6B  _OCPD_REG                          
     0000FF70  _SVBK_REG                          
     0000FF76  _PCM12_REG                         
     0000FF77  _PCM34_REG                         
     0000FF80  .refresh_OAM                    
     0000FF80  __HRAM                             
     0000FFFF  _IE_REG                            
     00014000  s__CODE_1                       
     00024000  s__CODE_2                       
     00034000  s__CODE_3                       
     00044000  s__CODE_4                       
     00054000  s__CODE_5                       
     00064000  s__CODE_6                       
     00074000  s__CODE_7                       
     00084000  s__CODE_8                       
     00094000  s__CODE_9                       
     000A4000  s__CODE_10                      
ASxxxx Linker V03.00/V05.40 + sdld,  page 18.
Hexadecimal  [32-Bits]

Area                                    Addr        Size        Decimal Bytes (Attributes)
--------------------------------        ----        ----        ------- ----- ------------
_CODE                               00000200    00000ECE =        3790. bytes (REL,CON)

      Value  Global                              Global Defined In Module
      -----  --------------------------------   ------------------------
     00000200  ___HandleCrash                     
     0000020A  _SIO_send_byte                     
     0000021D  _SIO_receive                       
     0000022E  _GetWinAddr                        
     00000236  _GetBkgAddr                        
     00000244  _state_init                        
     00000249  _state_update                      
     0000026B  _ui_time_masks                     
     00000273  _ui_print_shift_char               
     000002F6  _ui_draw_frame_row                 
     000002FF  .ui_draw_frame_row                 
     00000328  _script_cmds                       vm_instructions
     00000560  _save_signature                    game_signature
     00000564  _start_scene_x                     
     00000566  _start_scene_y                     
     00000568  _start_scene_dir                   
     00000569  _start_scene                       
     0000056C  _start_player_move_speed           
     0000056D  _start_player_anim_tick            
     0000056E  _ui_fonts                          
     00000574  _core_reset_hook                   main
     0000057C  _main                              main
     00000584  _state_start_fns                   
     00000596  _state_update_fns                  
     000005A8  _hUGE_init                         hUGEDriver_obj
     000005AA  hUGE_init                          hUGEDriver_obj
     00000600  _hUGE_mute_channel                 hUGEDriver_obj
     00000602  hUGE_mute_channel                  hUGEDriver_obj
     00000850  _hUGE_set_position                 hUGEDriver_obj
     00000852  hUGE_set_position                  hUGEDriver_obj
     00000A17  _hUGE_dosound                      hUGEDriver_obj
     00000A17  hUGE_dosound                       hUGEDriver_obj
     00000D43  _get_vram_byte                     
     00000D4B  _get_win_tile_xy                   
     00000D53  _get_bkg_tile_xy                   
     00000D7A  _set_sprite_palette                CGB
     00000D7F  _set_bkg_palette                   CGB
     00000D82  .set_palette                       CGB
     00000DA1  _set_sprite_palette_entry          CGB
     00000DA6  _set_bkg_palette_entry             CGB
     00000DA9  .set_palette_entry                 CGB
     00000DC5  _hide_sprites_range                Metasprites
     00000DF4  __mulsuchar                        mul
     00000DF7  __muluschar                        mul
     00000E00  __mulschar                         mul
     00000E08  __mulint                           mul
     00000E27  __muluchar                         mul
     00000E39  _set_vram_byte                     
     00000E42  _set_win_tile_xy                   
     00000E4A  _set_bkg_tile_xy                   
ASxxxx Linker V03.00/V05.40 + sdld,  page 19.
Hexadecimal  [32-Bits]

Area                                    Addr        Size        Decimal Bytes (Attributes)
--------------------------------        ----        ----        ------- ----- ------------
_CODE                               00000200    00000ECE =        3790. bytes (REL,CON)

      Value  Global                              Global Defined In Module
      -----  --------------------------------   ------------------------
     00000E74  .sgb_check                         
     00000E74  _sgb_check                         
     00000EBC  _sgb_transfer                      
     00000EC1  .sgb_transfer                      
     00000F02  .copy_vram                         
     00000F08  _get_data                          
     00000F08  _set_data                          
     00000F08  _vmemcpy                           
     00000F56  ___move_metasprite                 Metasprites
     00000F93  ___memcpy                          
     00000F93  _memcpy                            
     00000FC5  _cpu_slow                          CGB
     00000FE0  _cpu_fast                          CGB
     00000FE7  __divsuchar                        divmod
     00000FED  __modsuchar                        divmod
     00000FF6  __divuschar                        divmod
     00000FFF  __moduschar                        divmod
     0000100B  __divschar                         divmod
     00001010  __modschar                         divmod
     00001017  __divsint                          divmod
     00001020  __modsint                          divmod
     0000102C  __divuchar                         divmod
     00001031  __moduchar                         divmod
     00001038  __divuint                          divmod
     00001041  __moduint                          divmod
     0000104D  .div8                              divmod
     0000104D  .mod8                              divmod
     00001055  .div16                             divmod
     00001055  .mod16                             divmod
     0000108B  .divu8                             divmod
     0000108B  .modu8                             divmod
     0000108E  .divu16                            divmod
     0000108E  .modu16                            divmod

ASxxxx Linker V03.00/V05.40 + sdld,  page 20.
Hexadecimal  [32-Bits]

Area                                    Addr        Size        Decimal Bytes (Attributes)
--------------------------------        ----        ----        ------- ----- ------------
_HEADER0                            00000000    00000001 =           1. bytes (ABS,CON)

      Value  Global                              Global Defined In Module
      -----  --------------------------------   ------------------------
     00000020  .call_hl                           Runtime

ASxxxx Linker V03.00/V05.40 + sdld,  page 21.
Hexadecimal  [32-Bits]

Area                                    Addr        Size        Decimal Bytes (Attributes)
--------------------------------        ----        ----        ------- ----- ------------
_HEADER1                            00000000    00000005 =           5. bytes (ABS,CON)

      Value  Global                              Global Defined In Module
      -----  --------------------------------   ------------------------
     00000028  .MemsetSmall                       Runtime

ASxxxx Linker V03.00/V05.40 + sdld,  page 22.
Hexadecimal  [32-Bits]

Area                                    Addr        Size        Decimal Bytes (Attributes)
--------------------------------        ----        ----        ------- ----- ------------
_HEADER2                            00000000    00000007 =           7. bytes (ABS,CON)

      Value  Global                              Global Defined In Module
      -----  --------------------------------   ------------------------
     00000030  .MemcpySmall                       Runtime

ASxxxx Linker V03.00/V05.40 + sdld,  page 23.
Hexadecimal  [32-Bits]

Area                                    Addr        Size        Decimal Bytes (Attributes)
--------------------------------        ----        ----        ------- ----- ------------
_HEADER3                            00000000    00000008 =           8. bytes (ABS,CON)

      Value  Global                              Global Defined In Module
      -----  --------------------------------   ------------------------
ASxxxx Linker V03.00/V05.40 + sdld,  page 24.
Hexadecimal  [32-Bits]

Area                                    Addr        Size        Decimal Bytes (Attributes)
--------------------------------        ----        ----        ------- ----- ------------
_HEADER4                            00000000    00000060 =          96. bytes (ABS,CON)

      Value  Global                              Global Defined In Module
      -----  --------------------------------   ------------------------
     00000080  .int                               Runtime
     0000008F  _wait_int_handler                  Runtime
     0000009C  __standard_VBL_handler             Runtime
     000000AB  _refresh_OAM                       Runtime
     000000CC  _set_interrupts                    Runtime

ASxxxx Linker V03.00/V05.40 + sdld,  page 25.
Hexadecimal  [32-Bits]

Area                                    Addr        Size        Decimal Bytes (Attributes)
--------------------------------        ----        ----        ------- ----- ------------
_HEADER5                            00000000    00000001 =           1. bytes (ABS,CON)

      Value  Global                              Global Defined In Module
      -----  --------------------------------   ------------------------
ASxxxx Linker V03.00/V05.40 + sdld,  page 26.
Hexadecimal  [32-Bits]

Area                                    Addr        Size        Decimal Bytes (Attributes)
--------------------------------        ----        ----        ------- ----- ------------
_HEADER6                            00000000    00000002 =           2. bytes (ABS,CON)

      Value  Global                              Global Defined In Module
      -----  --------------------------------   ------------------------
ASxxxx Linker V03.00/V05.40 + sdld,  page 27.
Hexadecimal  [32-Bits]

Area                                    Addr        Size        Decimal Bytes (Attributes)
--------------------------------        ----        ----        ------- ----- ------------
_HEADER7                            00000000    00000030 =          48. bytes (ABS,CON)

      Value  Global                              Global Defined In Module
      -----  --------------------------------   ------------------------
ASxxxx Linker V03.00/V05.40 + sdld,  page 28.
Hexadecimal  [32-Bits]

Area                                    Addr        Size        Decimal Bytes (Attributes)
--------------------------------        ----        ----        ------- ----- ------------
_HEADER8                            00000000    00000006 =           6. bytes (ABS,CON)

      Value  Global                              Global Defined In Module
      -----  --------------------------------   ------------------------
ASxxxx Linker V03.00/V05.40 + sdld,  page 29.
Hexadecimal  [32-Bits]

Area                                    Addr        Size        Decimal Bytes (Attributes)
--------------------------------        ----        ----        ------- ----- ------------
_HEADER9                            00000000    00000003 =           3. bytes (ABS,CON)

      Value  Global                              Global Defined In Module
      -----  --------------------------------   ------------------------
ASxxxx Linker V03.00/V05.40 + sdld,  page 30.
Hexadecimal  [32-Bits]

Area                                    Addr        Size        Decimal Bytes (Attributes)
--------------------------------        ----        ----        ------- ----- ------------
_HEADERa                            00000000    00000001 =           1. bytes (ABS,CON)

      Value  Global                              Global Defined In Module
      -----  --------------------------------   ------------------------
ASxxxx Linker V03.00/V05.40 + sdld,  page 31.
Hexadecimal  [32-Bits]

Area                                    Addr        Size        Decimal Bytes (Attributes)
--------------------------------        ----        ----        ------- ----- ------------
_HEADERb                            00000000    00000001 =           1. bytes (ABS,CON)

      Value  Global                              Global Defined In Module
      -----  --------------------------------   ------------------------
ASxxxx Linker V03.00/V05.40 + sdld,  page 32.
Hexadecimal  [32-Bits]

Area                                    Addr        Size        Decimal Bytes (Attributes)
--------------------------------        ----        ----        ------- ----- ------------
_HEADERc                            00000000    00000001 =           1. bytes (ABS,CON)

      Value  Global                              Global Defined In Module
      -----  --------------------------------   ------------------------
ASxxxx Linker V03.00/V05.40 + sdld,  page 33.
Hexadecimal  [32-Bits]

Area                                    Addr        Size        Decimal Bytes (Attributes)
--------------------------------        ----        ----        ------- ----- ------------
_HEADERd                            00000000    00000002 =           2. bytes (ABS,CON)

      Value  Global                              Global Defined In Module
      -----  --------------------------------   ------------------------
ASxxxx Linker V03.00/V05.40 + sdld,  page 34.
Hexadecimal  [32-Bits]

Area                                    Addr        Size        Decimal Bytes (Attributes)
--------------------------------        ----        ----        ------- ----- ------------
_HEADERe                            00000000    00000001 =           1. bytes (ABS,CON)

      Value  Global                              Global Defined In Module
      -----  --------------------------------   ------------------------
ASxxxx Linker V03.00/V05.40 + sdld,  page 35.
Hexadecimal  [32-Bits]

Area                                    Addr        Size        Decimal Bytes (Attributes)
--------------------------------        ----        ----        ------- ----- ------------
_HEADERf                            00000000    00000001 =           1. bytes (ABS,CON)

      Value  Global                              Global Defined In Module
      -----  --------------------------------   ------------------------
ASxxxx Linker V03.00/V05.40 + sdld,  page 36.
Hexadecimal  [32-Bits]

Area                                    Addr        Size        Decimal Bytes (Attributes)
--------------------------------        ----        ----        ------- ----- ------------
_HEADER10                           00000000    00000002 =           2. bytes (ABS,CON)

      Value  Global                              Global Defined In Module
      -----  --------------------------------   ------------------------
ASxxxx Linker V03.00/V05.40 + sdld,  page 37.
Hexadecimal  [32-Bits]

Area                                    Addr        Size        Decimal Bytes (Attributes)
--------------------------------        ----        ----        ------- ----- ------------
_HEADER11                           00000000    000000AB =         171. bytes (ABS,CON)

      Value  Global                              Global Defined In Module
      -----  --------------------------------   ------------------------
     00000150  .reset                             Runtime
     00000150  _reset                             Runtime
     00000157  .code_start                        Runtime
     000001B9  _exit                              Runtime
     000001BD  .wait_vbl_done                     Runtime
     000001BD  _vsync                             Runtime
     000001BD  _wait_vbl_done                     Runtime
     000001CD  .remove_VBL                        Runtime
     000001CD  _remove_VBL                        Runtime
     000001D0  .remove_int                        Runtime
     000001ED  .add_VBL                           Runtime
     000001ED  _add_VBL                           Runtime
     000001F0  .add_int                           Runtime

ASxxxx Linker V03.00/V05.40 + sdld,  page 38.
Hexadecimal  [32-Bits]

Area                                    Addr        Size        Decimal Bytes (Attributes)
--------------------------------        ----        ----        ------- ----- ------------
_HOME                               000010CE    00002AAB =       10923. bytes (REL,CON)

      Value  Global                              Global Defined In Module
      -----  --------------------------------   ------------------------
     000010CE  .memset_simple                     Runtime
     000010D7  .memcpy_simple                     Runtime
     000010F4  .display_off                       Runtime
     000010F4  _display_off                       Runtime
     0000110C  _actors_update                     actor
     0000150B  _SetBankedBkgData                  bankdata
     00001527  _SetBankedSpriteData               bankdata
     00001543  _SetBankedBkgTiles                 bankdata
     0000155F  _SetBankedWinTiles                 bankdata
     0000157B  _ReadBankedFarPtr                  bankdata
     0000159D  _ReadBankedUWORD                   bankdata
     000015B7  _MemcpyBanked                      bankdata
     000015D9  _MemcpyVRAMBanked                  bankdata
     00001608  _IndexOfFarPtr                     bankdata
     0000168D  _camera_update                     camera
     000017C0  _load_animations                   data_manager
     00001819  _events_update                     events
     000018EC  _timers_update                     events
     00001975  _input_update                      input
     00001998  .sio_ISR                           
     000019F2  .timer_ISR                         
     00001A07  _simple_LCD_isr                    interrupts
     00001A86  _fullscreen_LCD_isr                interrupts
     00001AB2  _VBL_isr                           interrupts
     00001AFC  _isqrt                             math
     00001B59  _sine_wave                         math
     00001C59  _dir_lookup                        math
     00001C61  _dir_angle_lookup                  math
     00001C65  _hUGETrackerRoutine                music_manager
     00001C8C  _music_events_update               music_manager
     00001D0E  _music_play_isr                    music_manager
     00001DAF  _parallax_LCD_isr                  parallax
     00001DEC  _projectiles_update                projectiles
     0000226D  _projectiles_render                projectiles
     000023C2  _scroll_load_pending_row           scroll
     00002448  _scroll_load_row                   scroll
     000024BD  _scroll_load_col                   scroll
     00002526  _scroll_load_pending_col           scroll
     000025AE  _set_bkg_submap                    
     000025F1  _set_xy_win_submap                 
     0000261E  .set_xy_win_submap                 
     00002627  .set_xy_bkg_submap                 
     00002636  .set_xy_submap                     
     00002680  _sfx_play_isr                      sfx_player
     00002759  _on_SIO_receive                    sio
     0000279A  _SIO_update                        sio
     00002801  _ui_update                         ui
     00002939  _vm_sgb_transfer                   vm_sgb
     00002986  _vm_load_text                      vm_ui
     00002BDC  _vm_switch                         vm
ASxxxx Linker V03.00/V05.40 + sdld,  page 39.
Hexadecimal  [32-Bits]

Area                                    Addr        Size        Decimal Bytes (Attributes)
--------------------------------        ----        ----        ------- ----- ------------
_HOME                               000010CE    00002AAB =       10923. bytes (REL,CON)

      Value  Global                              Global Defined In Module
      -----  --------------------------------   ------------------------
     00002D0D  _vm_beginthread                    vm
     00002E31  _vm_rpn                            vm
     0000360A  _vm_get_far                        vm
     00003678  _vm_call_native                    vm
     0000368B  _VM_STEP                           vm
     000036F5  _script_runner_update              vm
     0000385A  _fill_win_rect                     
     0000386C  _rand                              
     0000386C  _randw                             
     00003897  _initrand                          
     00003899  .initrand                          
     000038A2  _get_bkg_data                      
     000038A2  _get_win_data                      
     000038EF  _get_sprite_data                   
     00003922  _abs                               abs
     00003931  _set_win_tiles                     
     00003945  _set_tile_data                     
     0000394A  _set_bkg_data                      
     0000394A  _set_win_data                      
     00003952  _set_sprite_data                   
     00003982  _reverse                           reverse
     000039B6  ___call__banked                    far_ptr
     000039D3  _to_far_ptr                        far_ptr
     00003A09  .add_LCD                           
     00003A09  _add_LCD                           
     00003A0F  .remove_LCD                        
     00003A0F  _remove_LCD                        
     00003A15  .fill_rect_wtt                     
     00003A1E  .fill_rect_btt                     
[...]
                                          [ scene_13_sprites ]
C:/tmp/_gbsbuild/obj/scene_13_triggers.rel
                                          [ scene_13_triggers ]
C:/tmp/_gbsbuild/obj/scene_13.rel         [ scene_13 ]
C:/tmp/_gbsbuild/obj/scene_14_actors.rel  [ scene_14_actors ]
C:/tmp/_gbsbuild/obj/scene_14_collisions.rel
                                          [ scene_14_collisions ]
C:/tmp/_gbsbuild/obj/scene_14_init.rel    [ scene_14_init ]
C:/tmp/_gbsbuild/obj/scene_14_p_hit1.rel  [ scene_14_p_hit1 ]
C:/tmp/_gbsbuild/obj/scene_14_projectiles.rel
                                          [ scene_14_projectiles ]
C:/tmp/_gbsbuild/obj/scene_14_sprites.rel
                                          [ scene_14_sprites ]
C:/tmp/_gbsbuild/obj/scene_14_triggers.rel
                                          [ scene_14_triggers ]
C:/tmp/_gbsbuild/obj/scene_14.rel         [ scene_14 ]
C:/tmp/_gbsbuild/obj/scene_15_actors.rel  [ scene_15_actors ]
C:/tmp/_gbsbuild/obj/scene_15_collisions.rel
                                          [ scene_15_collisions ]
C:/tmp/_gbsbuild/obj/scene_15_init.rel    [ scene_15_init ]
C:/tmp/_gbsbuild/obj/scene_15_p_hit1.rel  [ scene_15_p_hit1 ]
C:/tmp/_gbsbuild/obj/scene_15_projectiles.rel
                                          [ scene_15_projectiles ]
C:/tmp/_gbsbuild/obj/scene_15_sprites.rel
                                          [ scene_15_sprites ]
C:/tmp/_gbsbuild/obj/scene_15_triggers.rel
                                          [ scene_15_triggers ]
C:/tmp/_gbsbuild/obj/scene_15.rel         [ scene_15 ]
C:/tmp/_gbsbuild/obj/scene_16_actors.rel  [ scene_16_actors ]
C:/tmp/_gbsbuild/obj/scene_16_collisions.rel
                                          [ scene_16_collisions ]
C:/tmp/_gbsbuild/obj/scene_16_init.rel    [ scene_16_init ]
C:/tmp/_gbsbuild/obj/scene_16_p_hit1.rel  [ scene_16_p_hit1 ]
C:/tmp/_gbsbuild/obj/scene_16_projectiles.rel
                                          [ scene_16_projectiles ]
C:/tmp/_gbsbuild/obj/scene_16_sprites.rel
                                          [ scene_16_sprites ]
C:/tmp/_gbsbuild/obj/scene_16_triggers.rel
                                          [ scene_16_triggers ]
C:/tmp/_gbsbuild/obj/scene_16.rel         [ scene_16 ]
C:/tmp/_gbsbuild/obj/scene_17_actors.rel  [ scene_17_actors ]
C:/tmp/_gbsbuild/obj/scene_17_collisions.rel
                                          [ scene_17_collisions ]
C:/tmp/_gbsbuild/obj/scene_17_init.rel    [ scene_17_init ]
C:/tmp/_gbsbuild/obj/scene_17_projectiles.rel
                                          [ scene_17_projectiles ]
C:/tmp/_gbsbuild/obj/scene_17_sprites.rel
                                          [ scene_17_sprites ]
C:/tmp/_gbsbuild/obj/scene_17_triggers.rel
                                          [ scene_17_triggers ]
C:/tmp/_gbsbuild/obj/scene_17.rel         [ scene_17 ]
C:/tmp/_gbsbuild/obj/scene_18_actors.rel  [ scene_18_actors ]
C:/tmp/_gbsbuild/obj/scene_18_collisions.rel
                                          [ scene_18_collisions ]
C:/tmp/_gbsbuild/obj/scene_18_init.rel    [ scene_18_init ]
C:/tmp/_gbsbuild/obj/scene_18_p_hit1.rel  [ scene_18_p_hit1 ]
C:/tmp/_gbsbuild/obj/scene_18_projectiles.rel
                                          [ scene_18_projectiles ]
C:/tmp/_gbsbuild/obj/scene_18_sprites.rel
                                          [ scene_18_sprites ]
C:/tmp/_gbsbuild/obj/scene_18_triggers.rel
                                          [ scene_18_triggers ]
C:/tmp/_gbsbuild/obj/scene_18.rel         [ scene_18 ]
C:/tmp/_gbsbuild/obj/scene_19_actors.rel  [ scene_19_actors ]
C:/tmp/_gbsbuild/obj/scene_19_collisions.rel
                                          [ scene_19_collisions ]
C:/tmp/_gbsbuild/obj/scene_19_init.rel    [ scene_19_init ]
C:/tmp/_gbsbuild/obj/scene_19_p_hit1.rel  [ scene_19_p_hit1 ]
C:/tmp/_gbsbuild/obj/scene_19_projectiles.rel
                                          [ scene_19_projectiles ]
C:/tmp/_gbsbuild/obj/scene_19_sprites.rel
                                          [ scene_19_sprites ]
C:/tmp/_gbsbuild/obj/scene_19_triggers.rel
                                          [ scene_19_triggers ]
C:/tmp/_gbsbuild/obj/scene_19.rel         [ scene_19 ]
C:/tmp/_gbsbuild/obj/scene_2_actors.rel   [ scene_2_actors ]
C:/tmp/_gbsbuild/obj/scene_2_collisions.rel
                                          [ scene_2_collisions ]
C:/tmp/_gbsbuild/obj/scene_2_init.rel     [ scene_2_init ]
C:/tmp/_gbsbuild/obj/scene_2_projectiles.rel
                                          [ scene_2_projectiles ]
C:/tmp/_gbsbuild/obj/scene_2_sprites.rel  [ scene_2_sprites ]
C:/tmp/_gbsbuild/obj/scene_2_triggers.rel
                                          [ scene_2_triggers ]
C:/tmp/_gbsbuild/obj/scene_2.rel          [ scene_2 ]
C:/tmp/_gbsbuild/obj/scene_20_actors.rel  [ scene_20_actors ]
C:/tmp/_gbsbuild/obj/scene_20_collisions.rel
                                          [ scene_20_collisions ]
C:/tmp/_gbsbuild/obj/scene_20_init.rel    [ scene_20_init ]
C:/tmp/_gbsbuild/obj/scene_20_projectiles.rel
                                          [ scene_20_projectiles ]
C:/tmp/_gbsbuild/obj/scene_20_sprites.rel
                                          [ scene_20_sprites ]
C:/tmp/_gbsbuild/obj/scene_20_triggers.rel
                                          [ scene_20_triggers ]
C:/tmp/_gbsbuild/obj/scene_20.rel         [ scene_20 ]
C:/tmp/_gbsbuild/obj/scene_21_actors.rel  [ scene_21_actors ]
C:/tmp/_gbsbuild/obj/scene_21_collisions.rel
                                          [ scene_21_collisions ]
C:/tmp/_gbsbuild/obj/scene_21_init.rel    [ scene_21_init ]
C:/tmp/_gbsbuild/obj/scene_21_projectiles.rel
                                          [ scene_21_projectiles ]
C:/tmp/_gbsbuild/obj/scene_21_sprites.rel
                                          [ scene_21_sprites ]
C:/tmp/_gbsbuild/obj/scene_21_triggers.rel
                                          [ scene_21_triggers ]
C:/tmp/_gbsbuild/obj/scene_21.rel         [ scene_21 ]
C:/tmp/_gbsbuild/obj/scene_22_actors.rel  [ scene_22_actors ]
C:/tmp/_gbsbuild/obj/scene_22_collisions.rel
                                          [ scene_22_collisions ]
C:/tmp/_gbsbuild/obj/scene_22_init.rel    [ scene_22_init ]
C:/tmp/_gbsbuild/obj/scene_22_projectiles.rel
                                          [ scene_22_projectiles ]
C:/tmp/_gbsbuild/obj/scene_22_sprites.rel
                                          [ scene_22_sprites ]
C:/tmp/_gbsbuild/obj/scene_22_triggers.rel
                                          [ scene_22_triggers ]
C:/tmp/_gbsbuild/obj/scene_22.rel         [ scene_22 ]
C:/tmp/_gbsbuild/obj/scene_3_collisions.rel
                                          [ scene_3_collisions ]
C:/tmp/_gbsbuild/obj/scene_3_init.rel     [ scene_3_init ]
C:/tmp/_gbsbuild/obj/scene_3.rel          [ scene_3 ]
C:/tmp/_gbsbuild/obj/scene_7_actors.rel   [ scene_7_actors ]
C:/tmp/_gbsbuild/obj/scene_7_collisions.rel
                                          [ scene_7_collisions ]
C:/tmp/_gbsbuild/obj/scene_7_init.rel     [ scene_7_init ]
C:/tmp/_gbsbuild/obj/scene_7_projectiles.rel
                                          [ scene_7_projectiles ]
C:/tmp/_gbsbuild/obj/scene_7_sprites.rel  [ scene_7_sprites ]
C:/tmp/_gbsbuild/obj/scene_7_triggers.rel
                                          [ scene_7_triggers ]
C:/tmp/_gbsbuild/obj/scene_7.rel          [ scene_7 ]
C:/tmp/_gbsbuild/obj/scene_8_actors.rel   [ scene_8_actors ]
C:/tmp/_gbsbuild/obj/scene_8_collisions.rel
                                          [ scene_8_collisions ]
C:/tmp/_gbsbuild/obj/scene_8_init.rel     [ scene_8_init ]
C:/tmp/_gbsbuild/obj/scene_8_p_hit1.rel   [ scene_8_p_hit1 ]
C:/tmp/_gbsbuild/obj/scene_8_projectiles.rel
                                          [ scene_8_projectiles ]
C:/tmp/_gbsbuild/obj/scene_8_sprites.rel  [ scene_8_sprites ]
C:/tmp/_gbsbuild/obj/scene_8_triggers.rel
                                          [ scene_8_triggers ]
C:/tmp/_gbsbuild/obj/scene_8.rel          [ scene_8 ]
C:/tmp/_gbsbuild/obj/scene_logo_collisions.rel
                                          [ scene_logo_collisions ]
C:/tmp/_gbsbuild/obj/scene_logo_init.rel  [ scene_logo_init ]
C:/tmp/_gbsbuild/obj/scene_logo_projectiles.rel
                                          [ scene_logo_projectiles ]
C:/tmp/_gbsbuild/obj/scene_logo_sprites.rel
                                          [ scene_logo_sprites ]
C:/tmp/_gbsbuild/obj/scene_logo.rel       [ scene_logo ]
C:/tmp/_gbsbuild/obj/scene_title_screen_collisions.rel
                                          [ scene_title_screen_collisions ]
C:/tmp/_gbsbuild/obj/scene_title_screen_init.rel
                                          [ scene_title_screen_init ]
C:/tmp/_gbsbuild/obj/scene_title_screen.rel
                                          [ scene_title_screen ]
C:/tmp/_gbsbuild/obj/script_12.rel        [ script_12 ]
C:/tmp/_gbsbuild/obj/script_14.rel        [ script_14 ]
C:/tmp/_gbsbuild/obj/script_engine_init.rel
                                          [  ]
C:/tmp/_gbsbuild/obj/script_init_menu.rel
                                          [ script_init_menu ]
C:/tmp/_gbsbuild/obj/script_input_0.rel   [ script_input_0 ]
C:/tmp/_gbsbuild/obj/script_input_1.rel   [ script_input_1 ]
C:/tmp/_gbsbuild/obj/sound_legacy_0.rel   [ sound_legacy_0 ]
C:/tmp/_gbsbuild/obj/sprite_bullet_tileset.rel
                                          [ sprite_bullet_tileset ]
C:/tmp/_gbsbuild/obj/sprite_bullet.rel    [ sprite_bullet ]
C:/tmp/_gbsbuild/obj/sprite_dartwallsprite_tileset.rel
                                          [ sprite_dartwallsprite_tileset ]
C:/tmp/_gbsbuild/obj/sprite_dartwallsprite.rel
                                          [ sprite_dartwallsprite ]
C:/tmp/_gbsbuild/obj/sprite_flashcard_tileset.rel
                                          [ sprite_flashcard_tileset ]
C:/tmp/_gbsbuild/obj/sprite_flashcard.rel
                                          [ sprite_flashcard ]
C:/tmp/_gbsbuild/obj/sprite_fritzfull_tileset.rel
                                          [ sprite_fritzfull_tileset ]
C:/tmp/_gbsbuild/obj/sprite_fritzfull.rel
                                          [ sprite_fritzfull ]
C:/tmp/_gbsbuild/obj/sprite_gardenbook_tileset.rel
                                          [ sprite_gardenbook_tileset ]
C:/tmp/_gbsbuild/obj/sprite_gardenbook.rel
                                          [ sprite_gardenbook ]
C:/tmp/_gbsbuild/obj/sprite_healthbar_tileset.rel
                                          [ sprite_healthbar_tileset ]
C:/tmp/_gbsbuild/obj/sprite_healthbar.rel
                                          [ sprite_healthbar ]
C:/tmp/_gbsbuild/obj/sprite_kopturfull_tileset.rel
                                          [ sprite_kopturfull_tileset ]
C:/tmp/_gbsbuild/obj/sprite_kopturfull.rel
                                          [ sprite_kopturfull ]
C:/tmp/_gbsbuild/obj/sprite_levelbook_tileset.rel
                                          [ sprite_levelbook_tileset ]
C:/tmp/_gbsbuild/obj/sprite_levelbook.rel
                                          [ sprite_levelbook ]
C:/tmp/_gbsbuild/obj/sprite_locked_door_tileset.rel
                                          [ sprite_locked_door_tileset ]
C:/tmp/_gbsbuild/obj/sprite_locked_door.rel
                                          [ sprite_locked_door ]
C:/tmp/_gbsbuild/obj/sprite_machine_tileset.rel
                                          [ sprite_machine_tileset ]
C:/tmp/_gbsbuild/obj/sprite_machine.rel   [ sprite_machine ]
C:/tmp/_gbsbuild/obj/sprite_player_tileset.rel
                                          [ sprite_player_tileset ]
C:/tmp/_gbsbuild/obj/sprite_player.rel    [ sprite_player ]
C:/tmp/_gbsbuild/obj/sprite_rosies_tileset.rel
                                          [ sprite_rosies_tileset ]
C:/tmp/_gbsbuild/obj/sprite_rosies.rel    [ sprite_rosies ]
C:/tmp/_gbsbuild/obj/sprite_shield_sprite_16x16_tileset.rel
                                          [ sprite_shield_sprite_16x16_tiles ]
C:/tmp/_gbsbuild/obj/sprite_shield_sprite_16x16.rel
                                          [ sprite_shield_sprite_16x16 ]
C:/tmp/_gbsbuild/obj/sprite_signpost_tileset.rel
                                          [ sprite_signpost_tileset ]
C:/tmp/_gbsbuild/obj/sprite_signpost.rel  [ sprite_signpost ]
C:/tmp/_gbsbuild/obj/sprite_squirrelfull_tileset.rel
                                          [ sprite_squirrelfull_tileset ]
C:/tmp/_gbsbuild/obj/sprite_squirrelfull.rel
                                          [ sprite_squirrelfull ]
C:/tmp/_gbsbuild/obj/sprite_sword_tileset.rel
                                          [ sprite_sword_tileset ]
C:/tmp/_gbsbuild/obj/sprite_sword.rel     [ sprite_sword ]
C:/tmp/_gbsbuild/obj/sprite_swordsprite_16x16_tileset.rel
                                          [ sprite_swordsprite_16x16_tileset ]
C:/tmp/_gbsbuild/obj/sprite_swordsprite_16x16.rel
                                          [ sprite_swordsprite_16x16 ]
C:/tmp/_gbsbuild/obj/sprite_tottenfull_tileset.rel
                                          [ sprite_tottenfull_tileset ]
C:/tmp/_gbsbuild/obj/sprite_tottenfull.rel
                                          [ sprite_tottenfull ]
C:/tmp/_gbsbuild/obj/spritesheet_none.rel
                                          [ spritesheet_none ]
C:/tmp/_gbsbuild/obj/trigger_0_interact.rel
                                          [ trigger_0_interact ]
C:/tmp/_gbsbuild/obj/trigger_1_interact.rel
                                          [ trigger_1_interact ]
C:/tmp/_gbsbuild/obj/trigger_10_interact.rel
                                          [ trigger_10_interact ]
C:/tmp/_gbsbuild/obj/trigger_11_interact.rel
                                          [ trigger_11_interact ]
C:/tmp/_gbsbuild/obj/trigger_12_interact.rel
                                          [ trigger_12_interact ]
C:/tmp/_gbsbuild/obj/trigger_13_interact.rel
                                          [ trigger_13_interact ]
C:/tmp/_gbsbuild/obj/trigger_14_interact.rel
                                          [ trigger_14_interact ]
C:/tmp/_gbsbuild/obj/trigger_15_interact.rel
                                          [ trigger_15_interact ]
C:/tmp/_gbsbuild/obj/trigger_16_interact.rel
                                          [ trigger_16_interact ]
C:/tmp/_gbsbuild/obj/trigger_17_interact.rel
                                          [ trigger_17_interact ]
C:/tmp/_gbsbuild/obj/trigger_18_interact.rel
                                          [ trigger_18_interact ]
C:/tmp/_gbsbuild/obj/trigger_19_interact.rel
                                          [ trigger_19_interact ]
C:/tmp/_gbsbuild/obj/trigger_2_interact.rel
                                          [ trigger_2_interact ]
C:/tmp/_gbsbuild/obj/trigger_20_interact.rel
                                          [ trigger_20_interact ]
C:/tmp/_gbsbuild/obj/trigger_21_interact.rel
                                          [ trigger_21_interact ]
C:/tmp/_gbsbuild/obj/trigger_22_interact.rel
                                          [ trigger_22_interact ]
C:/tmp/_gbsbuild/obj/trigger_23_interact.rel
                                          [ trigger_23_interact ]
C:/tmp/_gbsbuild/obj/trigger_24_interact.rel
                                          [ trigger_24_interact ]
C:/tmp/_gbsbuild/obj/trigger_25_interact.rel
                                          [ trigger_25_interact ]
C:/tmp/_gbsbuild/obj/trigger_26_interact.rel
                                          [ trigger_26_interact ]
C:/tmp/_gbsbuild/obj/trigger_27_interact.rel
                                          [ trigger_27_interact ]
C:/tmp/_gbsbuild/obj/trigger_28_interact.rel
                                          [ trigger_28_interact ]
C:/tmp/_gbsbuild/obj/trigger_29_interact.rel
                                          [ trigger_29_interact ]
C:/tmp/_gbsbuild/obj/trigger_3_interact.rel
                                          [ trigger_3_interact ]
C:/tmp/_gbsbuild/obj/trigger_31_interact.rel
                                          [ trigger_31_interact ]
C:/tmp/_gbsbuild/obj/trigger_32_interact.rel
                                          [ trigger_32_interact ]
C:/tmp/_gbsbuild/obj/trigger_33_interact.rel
                                          [ trigger_33_interact ]
C:/tmp/_gbsbuild/obj/trigger_34_interact.rel
                                          [ trigger_34_interact ]
C:/tmp/_gbsbuild/obj/trigger_35_interact.rel
                                          [ trigger_35_interact ]
C:/tmp/_gbsbuild/obj/trigger_4_interact.rel
                                          [ trigger_4_interact ]
C:/tmp/_gbsbuild/obj/trigger_42_interact.rel
                                          [ trigger_42_interact ]
C:/tmp/_gbsbuild/obj/trigger_43_interact.rel
                                          [ trigger_43_interact ]
C:/tmp/_gbsbuild/obj/trigger_44_interact.rel
                                          [ trigger_44_interact ]
C:/tmp/_gbsbuild/obj/trigger_5_interact.rel
                                          [ trigger_5_interact ]
C:/tmp/_gbsbuild/obj/trigger_6_interact.rel
                                          [ trigger_6_interact ]
C:/tmp/_gbsbuild/obj/trigger_7_interact.rel
                                          [ trigger_7_interact ]
C:/tmp/_gbsbuild/obj/trigger_8_interact.rel
                                          [ trigger_8_interact ]
C:/tmp/_gbsbuild/obj/trigger_9_interact.rel
                                          [ trigger_9_interact ]
C:/tmp/_gbsbuild/obj/main.rel             [ main ]
C:/tmp/_gbsbuild/obj/adventure.rel        [ adventure ]
C:/tmp/_gbsbuild/obj/logo.rel             [ logo ]
C:/tmp/_gbsbuild/obj/platform.rel         [ platform ]
C:/tmp/_gbsbuild/obj/pointnclick.rel      [ pointnclick ]
C:/tmp/_gbsbuild/obj/shmup.rel            [ shmup ]
C:/tmp/_gbsbuild/obj/states_ptrs.rel      [  ]
C:/tmp/_gbsbuild/obj/topdown.rel          [ topdown ]


Libraries Linked                          [ object file ]

C:\tmp/_gbstools/gbdk/lib/gb/gb.lib       [ fill_rect_wi.o ]
C:\tmp/_gbstools/gbdk/lib/sm83/sm83.lib   [ rand.o ]
lib/hUGEDriver.lib                        [ hUGEDriver.o ]
C:\tmp/_gbstools/gbdk/lib/gb/gb.lib       [ sfr.o ]
C:\tmp/_gbstools/gbdk/lib/gb/gb.lib       [ get_data.o ]
C:\tmp/_gbstools/gbdk/lib/gb/gb.lib       [ get_tile.o ]
C:\tmp/_gbstools/gbdk/lib/gb/gb.lib       [ cgb_palettes.o ]
C:\tmp/_gbstools/gbdk/lib/gb/gb.lib       [ metasprites_hide_spr.o ]
C:\tmp/_gbstools/gbdk/lib/sm83/sm83.lib   [ mul.o ]
C:\tmp/_gbstools/gbdk/lib/gb/gb.lib       [ set_tile.o ]
C:\tmp/_gbstools/gbdk/lib/sm83/sm83.lib   [ abs.o ]
C:\tmp/_gbstools/gbdk/lib/gb/gb.lib       [ set_wi_t.o ]
C:\tmp/_gbstools/gbdk/lib/gb/gb.lib       [ set_data.o ]
C:\tmp/_gbstools/gbdk/lib/sm83/sm83.lib   [ reverse.o ]
C:\tmp/_gbstools/gbdk/lib/gb/gb.lib       [ far_ptr.o ]
C:\tmp/_gbstools/gbdk/lib/gb/gb.lib       [ sgb.o ]
C:\tmp/_gbstools/gbdk/lib/gb/gb.lib       [ lcd.o ]
C:\tmp/_gbstools/gbdk/lib/gb/gb.lib       [ fill_rect.o ]
C:\tmp/_gbstools/gbdk/lib/gb/gb.lib       [ cpy_data.o ]
C:\tmp/_gbstools/gbdk/lib/gb/gb.lib       [ fill_rect_bk.o ]
C:\tmp/_gbstools/gbdk/lib/gb/gb.lib       [ pad.o ]
C:\tmp/_gbstools/gbdk/lib/gb/gb.lib       [ metasprites.o ]
C:\tmp/_gbstools/gbdk/lib/sm83/sm83.lib   [ __sdcc_call_hl.o ]
C:\tmp/_gbstools/gbdk/lib/sm83/sm83.lib   [ memcpy.o ]
C:\tmp/_gbstools/gbdk/lib/sm83/sm83.lib   [ _memset.o ]
C:\tmp/_gbstools/gbdk/lib/gb/gb.lib       [ set_xy_t.o ]
C:\tmp/_gbstools/gbdk/lib/gb/gb.lib       [ ___sdcc_bcall_ehl.o ]
C:\tmp/_gbstools/gbdk/lib/gb/gb.lib       [ cgb.o ]
C:\tmp/_gbstools/gbdk/lib/sm83/sm83.lib   [ div.o ]
C:\tmp/_gbstools/gbdk/lib/gb/gb.lib       [ set_bk_t.o ]

ASxxxx Linker V03.00/V05.40 + sdld,  page 81.

User Base Address Definitions

_DATA=0xC0A0
_CODE=0x0200
ASxxxx Linker V03.00/V05.40 + sdld,  page 82.

User Global Definitions

.STACK=0xDF00
_shadow_OAM=0xC000
.refresh_OAM=0xFF80
__start_save=12

